2024-07-06 17:00:45,268  INFO: Called via "Namespace(input=None, reload=True, test=False, debug=False, log_level='info', stdout=False, pathspace=None, filename='/tmp/tmpv3morbf8', overwrite=False, bindir='/usr/bin', confdir='/etc/frr', rundir='/var/run/frr', vty_socket=None, daemon='zebra', test_reset=False)"
2024-07-06 17:00:45,268  INFO: Loading Config object from file /tmp/tmpv3morbf8
2024-07-06 17:00:45,331  INFO: Loading Config object from vtysh show running
2024-07-06 17:00:45,388  INFO: /var/run/frr/reload-LLU2MW.txt content
['interface eth0\nexit\n']
2024-07-06 17:00:45,486  INFO: Loading Config object from vtysh show running
2024-07-06 17:00:45,537  INFO: /var/run/frr/reload-VFY1SK.txt content
['interface eth0\nexit\n', 'interface eth0\nexit\n']
2024-07-06 17:03:47,435  INFO: Called via "Namespace(input=None, reload=True, test=False, debug=False, log_level='info', stdout=False, pathspace=None, filename='/tmp/tmp3fpysl55', overwrite=False, bindir='/usr/bin', confdir='/etc/frr', rundir='/var/run/frr', vty_socket=None, daemon='zebra', test_reset=False)"
2024-07-06 17:03:47,435  INFO: Loading Config object from file /tmp/tmp3fpysl55
2024-07-06 17:03:47,526  INFO: Loading Config object from vtysh show running
2024-07-06 17:03:47,572  INFO: /var/run/frr/reload-8AALFD.txt content
['interface eth0\nexit\n']
2024-07-06 17:03:47,651  INFO: Loading Config object from vtysh show running
2024-07-06 17:03:47,684  INFO: /var/run/frr/reload-0323IQ.txt content
['interface eth0\nexit\n', 'interface eth0\nexit\n']
2024-07-06 17:21:49,703  INFO: Called via "Namespace(input=None, reload=True, test=False, debug=False, log_level='info', stdout=False, pathspace=None, filename='/tmp/tmp86t8qawa', overwrite=False, bindir='/usr/bin', confdir='/etc/frr', rundir='/var/run/frr', vty_socket=None, daemon='zebra', test_reset=False)"
2024-07-06 17:21:49,703  INFO: Loading Config object from file /tmp/tmp86t8qawa
2024-07-06 17:21:49,767  INFO: Loading Config object from vtysh show running
2024-07-06 17:21:49,824  INFO: /var/run/frr/reload-1PGYJ9.txt content
['interface eth0\nexit\n']
2024-07-06 17:21:49,922  INFO: Loading Config object from vtysh show running
2024-07-06 17:21:49,978  INFO: /var/run/frr/reload-3HSRRQ.txt content
['interface eth0\nexit\n', 'interface eth0\nexit\n']
2024-07-06 19:31:44,981  INFO: Called via "Namespace(input=None, reload=True, test=False, debug=False, log_level='info', stdout=False, pathspace=None, filename='/tmp/tmp5tnq7am9', overwrite=False, bindir='/usr/bin', confdir='/etc/frr', rundir='/var/run/frr', vty_socket=None, daemon='zebra', test_reset=False)"
2024-07-06 19:31:44,981  INFO: Loading Config object from file /tmp/tmp5tnq7am9
2024-07-06 19:31:45,046  INFO: Loading Config object from vtysh show running
2024-07-06 19:31:45,102  INFO: /var/run/frr/reload-9VQQH0.txt content
['interface eth0\nexit\n']
2024-07-06 19:31:45,203  INFO: Loading Config object from vtysh show running
2024-07-06 19:31:45,268  INFO: /var/run/frr/reload-DXB9UV.txt content
['interface eth0\nexit\n', 'interface eth0\nexit\n']
